====================================================================================================
ROBUSTNESS of headline contrasts. Positive = second arm renders WORSE than the first.
contrast                                   n      mean             boot CI95       t p    perm p LOO max p     no-bowl mean/p
PSNR  full - w4a4                         40   +0.1359 [-0.0164,+0.2895]    0.0988    0.0972      0.17      +0.1408/0.095
LPIPS w4a4 - full                         40   +0.0108 [+0.0033,+0.0182]   0.00797    0.0077    0.0151      +0.0111/0.008
PSNR  full - w4a4_local                   40   +0.1638 [+0.0184,+0.3160]     0.043    0.0417    0.0799      +0.1614/0.051
LPIPS w4a4_local - full                   40   +0.0079 [+0.0019,+0.0141]    0.0171    0.0176     0.032      +0.0084/0.013
PSNR  full - w4a4_no_rot                  40   +0.4316 [+0.2374,+0.6371]  0.000169   0.00025  0.000341    +0.4073/0.00034
LPIPS w4a4_no_rot - full                  40   +0.0145 [+0.0057,+0.0234]   0.00285    0.0026   0.00544     +0.0147/0.0033
PSNR  full - w4a4_rtn                     40   +0.9848 [+0.6222,+1.3575]  7.51e-06     5e-05  1.62e-05    +0.8877/5.7e-06
LPIPS w4a4_rtn - full                     40   +0.0563 [+0.0363,+0.0778]  6.61e-06     5e-05  1.43e-05    +0.0512/6.5e-06
SSIM  full - w4a4                         40   +0.0013 [-0.0030,+0.0059]     0.575      0.58     0.939       +0.0015/0.53
PSNR  conf-oracle C-R                     36   -0.1276 [-0.3028,+0.0372]     0.154     0.162     0.301       -0.1312/0.15
LPIPS conf-oracle C-R                     36   +0.0022 [-0.0029,+0.0072]     0.408     0.405      0.66       +0.0022/0.41
PSNR  conf-oracle C-B                     36   -0.1131 [-0.3065,+0.0680]     0.246     0.258      0.48       -0.1163/0.25
LPIPS conf-oracle C-B                     36   +0.0006 [-0.0049,+0.0061]     0.822     0.826     0.992       +0.0007/0.82
PSNR  swap full-P                         40   +0.0780 [-0.1781,+0.3999]      0.61     0.694     0.721       -0.0424/0.66
LPIPS swap full-P                         40   +0.0111 [-0.0058,+0.0336]     0.289     0.379     0.611       +0.0048/0.57
PSNR  swap full-K                         40   +0.9721 [+0.6206,+1.3219]  5.07e-06     5e-05   1.1e-05      +0.9181/1e-05
LPIPS swap full-K                         40   +0.0665 [+0.0496,+0.0843]  5.78e-09     5e-05  1.48e-08    +0.0628/5.4e-09
PSNR  swap full-B                         40   +1.1470 [+0.7768,+1.5273]  7.85e-07     5e-05  1.78e-06    +1.0540/6.1e-07
LPIPS swap full-B                         40   +0.0681 [+0.0485,+0.0889]  9.53e-08     5e-05  2.28e-07      +0.0633/7e-08

DOSE-RESPONSE, six arms, exact permutation p (all 720 orderings)
  psnr                               rho=-0.8286  exact p=0.0583  leave-one-arm-out rho -1.000..-0.700
  ssim                               rho=-0.8857  exact p=0.0333  leave-one-arm-out rho -0.900..-0.800
  lpips                              rho=+0.9429  exact p=0.0167  leave-one-arm-out rho +0.900..+1.000
  psnr_exposure_corrected            rho=-0.4857  exact p=0.3556  leave-one-arm-out rho -0.700..-0.100
  psnr (no bowl)                     rho=-0.8286  exact p=0.0583  leave-one-arm-out rho -1.000..-0.700
  ssim (no bowl)                     rho=-0.7143  exact p=0.1361  leave-one-arm-out rho -0.900..-0.500
  lpips (no bowl)                    rho=+0.8286  exact p=0.0583  leave-one-arm-out rho +0.700..+1.000
  psnr_exposure_corrected (no bowl)  rho=-0.4857  exact p=0.3556  leave-one-arm-out rho -0.700..-0.100

saved /var/tmp/luli38se/quantsplat/oracle_sweep/results/cpu_robustness.json
