  [maskedbg] apple/110_13051_23361 it=500: PSNR=6.84 SSIM=0.10073715945084889
  [maskedbg] apple/110_13051_23361 it=1000: PSNR=6.83 SSIM=0.08749645948410034
  [maskedbg] apple/110_13051_23361 it=3000: PSNR=6.82 SSIM=0.0784889625178443
  [maskedbg] apple/110_13051_23361 it=7000: PSNR=6.84 SSIM=0.08022897897495164
  [maskedbg] ball/123_14363_28981 it=500: PSNR=5.76 SSIM=0.04928308352828026
  [maskedbg] ball/123_14363_28981 it=1000: PSNR=5.77 SSIM=0.049686333268053
  [maskedbg] ball/123_14363_28981 it=3000: PSNR=5.74 SSIM=0.051779173211091094
  [maskedbg] ball/123_14363_28981 it=7000: PSNR=5.75 SSIM=0.05334689923458629
  [maskedbg] bowl/70_5792_13401 it=500: PSNR=7.33 SSIM=0.08044595085084438
  [maskedbg] bowl/70_5792_13401 it=1000: PSNR=7.33 SSIM=0.07574726165168816
  [maskedbg] bowl/70_5792_13401 it=3000: PSNR=7.37 SSIM=0.0738028200964133
  [maskedbg] bowl/70_5792_13401 it=7000: PSNR=7.37 SSIM=0.07528305446936025
  [maskedbg] broccoli/412_56288_108844 it=500: PSNR=4.85 SSIM=0.01199600969751676
  [maskedbg] broccoli/412_56288_108844 it=1000: PSNR=4.84 SSIM=0.011805181262186833
  [maskedbg] broccoli/412_56288_108844 it=3000: PSNR=4.84 SSIM=0.012438449387749037
  [maskedbg] broccoli/412_56288_108844 it=7000: PSNR=4.84 SSIM=0.012684647200836075
  [maskedbg] hydrant/167_18184_34441 it=500: PSNR=5.79 SSIM=0.04259159436656369
  [maskedbg] hydrant/167_18184_34441 it=1000: PSNR=5.77 SSIM=0.03867251746770409
  [maskedbg] hydrant/167_18184_34441 it=3000: PSNR=5.75 SSIM=0.03712198707378573
  [maskedbg] hydrant/167_18184_34441 it=7000: PSNR=5.74 SSIM=0.03727206660227643
  [maskedbg] remote/350_36761_68623 it=500: PSNR=6.90 SSIM=0.029683584657808144
  [maskedbg] remote/350_36761_68623 it=1000: PSNR=6.85 SSIM=0.027667832664317556
  [maskedbg] remote/350_36761_68623 it=3000: PSNR=6.80 SSIM=0.027779141182286873
  [maskedbg] remote/350_36761_68623 it=7000: PSNR=6.79 SSIM=0.030765227559540007
  [maskedbg] teddybear/187_20215_38541 it=500: PSNR=5.56 SSIM=0.0730441411336263
  [maskedbg] teddybear/187_20215_38541 it=1000: PSNR=5.56 SSIM=0.06873667757544252
  [maskedbg] teddybear/187_20215_38541 it=3000: PSNR=5.57 SSIM=0.06812241694165601
  [maskedbg] teddybear/187_20215_38541 it=7000: PSNR=5.57 SSIM=0.07179108551806873
  [maskedbg] toaster/372_41229_82130 it=500: PSNR=6.11 SSIM=0.04946262637774149
  [maskedbg] toaster/372_41229_82130 it=1000: PSNR=6.10 SSIM=0.04718541136632363
  [maskedbg] toaster/372_41229_82130 it=3000: PSNR=6.09 SSIM=0.0459911095806294
  [maskedbg] toaster/372_41229_82130 it=7000: PSNR=6.11 SSIM=0.04763527473227845
[maskedbg] it=500: MEAN PSNR=6.142 dB  SSIM=0.0547
[maskedbg] it=1000: MEAN PSNR=6.129 dB  SSIM=0.0509
[maskedbg] it=3000: MEAN PSNR=6.122 dB  SSIM=0.0494
[maskedbg] it=7000: MEAN PSNR=6.126 dB  SSIM=0.0511
