  [bgshell] apple/110_13051_23361 it=500: PSNR=15.74 SSIM=0.4664400815963745
  [bgshell] apple/110_13051_23361 it=1000: PSNR=15.35 SSIM=0.4526245031091902
  [bgshell] apple/110_13051_23361 it=3000: PSNR=15.42 SSIM=0.4004061685668098
  [bgshell] apple/110_13051_23361 it=7000: PSNR=15.83 SSIM=0.42049939102596706
  [bgshell] ball/123_14363_28981 it=500: PSNR=10.74 SSIM=0.372734675804774
  [bgshell] ball/123_14363_28981 it=1000: PSNR=11.22 SSIM=0.35450396604008144
  [bgshell] ball/123_14363_28981 it=3000: PSNR=13.19 SSIM=0.3596370004945331
  [bgshell] ball/123_14363_28981 it=7000: PSNR=13.75 SSIM=0.36778948373264736
  [bgshell] bowl/70_5792_13401 it=500: PSNR=12.05 SSIM=0.4685060249434577
  [bgshell] bowl/70_5792_13401 it=1000: PSNR=12.58 SSIM=0.4591759476396773
  [bgshell] bowl/70_5792_13401 it=3000: PSNR=12.93 SSIM=0.4026612208949195
  [bgshell] bowl/70_5792_13401 it=7000: PSNR=14.66 SSIM=0.39735203981399536
  [bgshell] broccoli/412_56288_108844 it=500: PSNR=9.25 SSIM=0.5603691670629714
  [bgshell] broccoli/412_56288_108844 it=1000: PSNR=10.39 SSIM=0.5199921760294173
  [bgshell] broccoli/412_56288_108844 it=3000: PSNR=12.03 SSIM=0.4596047302087148
  [bgshell] broccoli/412_56288_108844 it=7000: PSNR=12.31 SSIM=0.45921800202793545
  [bgshell] hydrant/167_18184_34441 it=500: PSNR=11.28 SSIM=0.34643318586879307
  [bgshell] hydrant/167_18184_34441 it=1000: PSNR=11.82 SSIM=0.31088320579793716
  [bgshell] hydrant/167_18184_34441 it=3000: PSNR=11.54 SSIM=0.2815050780773163
  [bgshell] hydrant/167_18184_34441 it=7000: PSNR=12.96 SSIM=0.3062983486387465
  [bgshell] remote/350_36761_68623 it=500: PSNR=10.97 SSIM=0.4791577193472121
  [bgshell] remote/350_36761_68623 it=1000: PSNR=13.07 SSIM=0.4628639817237854
  [bgshell] remote/350_36761_68623 it=3000: PSNR=14.21 SSIM=0.34369372493690914
  [bgshell] remote/350_36761_68623 it=7000: PSNR=14.18 SSIM=0.34180235531595016
  [bgshell] teddybear/187_20215_38541 it=500: PSNR=16.24 SSIM=0.5452920960055457
  [bgshell] teddybear/187_20215_38541 it=1000: PSNR=16.08 SSIM=0.5177490943007999
  [bgshell] teddybear/187_20215_38541 it=3000: PSNR=14.87 SSIM=0.4486449460188548
  [bgshell] teddybear/187_20215_38541 it=7000: PSNR=16.23 SSIM=0.41926978362931144
  [bgshell] toaster/372_41229_82130 it=500: PSNR=10.73 SSIM=0.36221250229411656
  [bgshell] toaster/372_41229_82130 it=1000: PSNR=10.24 SSIM=0.3336840718984604
  [bgshell] toaster/372_41229_82130 it=3000: PSNR=12.72 SSIM=0.3009222563770082
  [bgshell] toaster/372_41229_82130 it=7000: PSNR=13.17 SSIM=0.3145218508111106
[bgshell] it=500: MEAN PSNR=12.126 dB  SSIM=0.4501
[bgshell] it=1000: MEAN PSNR=12.593 dB  SSIM=0.4264
[bgshell] it=3000: MEAN PSNR=13.365 dB  SSIM=0.3746
[bgshell] it=7000: MEAN PSNR=14.136 dB  SSIM=0.3783
