variant=w4a4_no_smooth  scenes=8 (subset)
loading w4a4_no_smooth ...
  loaded in 87.1s: calibrated locally by code/quantization/calibrate_w2a4.py
  apple/110_13051_23361: 2.15s, peak 15381 MiB -> w4a4_no_smooth.npz
  ball/123_14363_28981: 1.96s, peak 15382 MiB -> w4a4_no_smooth.npz
  bowl/70_5792_13401: 1.96s, peak 15382 MiB -> w4a4_no_smooth.npz
  broccoli/412_56288_108844: 1.96s, peak 15382 MiB -> w4a4_no_smooth.npz
  hydrant/167_18184_34441: 1.96s, peak 15382 MiB -> w4a4_no_smooth.npz
  remote/350_36761_68623: 1.96s, peak 15382 MiB -> w4a4_no_smooth.npz
  teddybear/187_20215_38541: 1.96s, peak 15382 MiB -> w4a4_no_smooth.npz
  toaster/372_41229_82130: 1.97s, peak 15382 MiB -> w4a4_no_smooth.npz

8/8 scenes; mean inference 1.99s
variant=w4a4_no_smooth  scenes=8 (subset)
loading w4a4_no_smooth ...
  loaded in 23.5s: calibrated locally by code/quantization/calibrate_w2a4.py
  skip apple/110_13051_23361 (exists)
  skip ball/123_14363_28981 (exists)
  skip bowl/70_5792_13401 (exists)
  skip broccoli/412_56288_108844 (exists)
  skip hydrant/167_18184_34441 (exists)
  skip remote/350_36761_68623 (exists)
  skip teddybear/187_20215_38541 (exists)
  skip toaster/372_41229_82130 (exists)

8/8 scenes (all pre-existing)
variant=w4a4_no_smooth  scenes=8 (subset)
loading w4a4_no_smooth ...
  loaded in 27.9s: calibrated locally by code/quantization/calibrate_w2a4.py
  skip apple/110_13051_23361 (exists)
  skip ball/123_14363_28981 (exists)
  skip bowl/70_5792_13401 (exists)
  skip broccoli/412_56288_108844 (exists)
  skip hydrant/167_18184_34441 (exists)
  skip remote/350_36761_68623 (exists)
  skip teddybear/187_20215_38541 (exists)
  skip toaster/372_41229_82130 (exists)

8/8 scenes (all pre-existing)
