variant=w4a4_rtn  scenes=8 (subset)
loading w4a4_rtn ...
  loaded in 8.4s: calibrated locally by code/quantization/calibrate_w2a4.py
  skip apple/110_13051_23361 (exists)
  skip ball/123_14363_28981 (exists)
  skip bowl/70_5792_13401 (exists)
  skip broccoli/412_56288_108844 (exists)
  skip hydrant/167_18184_34441 (exists)
  skip remote/350_36761_68623 (exists)
  skip teddybear/187_20215_38541 (exists)
  skip toaster/372_41229_82130 (exists)

8/8 scenes (all pre-existing)
variant=w4a4_rtn  scenes=8 (subset)
loading w4a4_rtn ...
  loaded in 8.4s: calibrated locally by code/quantization/calibrate_w2a4.py
  skip apple/110_13051_23361 (exists)
  skip ball/123_14363_28981 (exists)
  skip bowl/70_5792_13401 (exists)
  skip broccoli/412_56288_108844 (exists)
  skip hydrant/167_18184_34441 (exists)
  skip remote/350_36761_68623 (exists)
  skip teddybear/187_20215_38541 (exists)
  skip toaster/372_41229_82130 (exists)

8/8 scenes (all pre-existing)
variant=w4a4_rtn  scenes=8 (subset)
loading w4a4_rtn ...
  loaded in 8.6s: calibrated locally by code/quantization/calibrate_w2a4.py
  skip apple/110_13051_23361 (exists)
  skip ball/123_14363_28981 (exists)
  skip bowl/70_5792_13401 (exists)
  skip broccoli/412_56288_108844 (exists)
  skip hydrant/167_18184_34441 (exists)
  skip remote/350_36761_68623 (exists)
  skip teddybear/187_20215_38541 (exists)
  skip toaster/372_41229_82130 (exists)

8/8 scenes (all pre-existing)
