  [densify_off] apple/110_13051_23361 it=500: PSNR=15.75 SSIM=0.4665037426683638
  [densify_off] apple/110_13051_23361 it=1000: PSNR=15.27 SSIM=0.46453800797462463
  [densify_off] apple/110_13051_23361 it=3000: PSNR=14.58 SSIM=0.4419212308194902
  [densify_off] apple/110_13051_23361 it=7000: PSNR=14.13 SSIM=0.432026680972841
  [densify_off] ball/123_14363_28981 it=500: PSNR=10.78 SSIM=0.3728298180633121
  [densify_off] ball/123_14363_28981 it=1000: PSNR=11.35 SSIM=0.3875680168469747
  [densify_off] ball/123_14363_28981 it=3000: PSNR=12.77 SSIM=0.39902324146694607
  [densify_off] ball/123_14363_28981 it=7000: PSNR=13.15 SSIM=0.39847708741823834
  [densify_off] bowl/70_5792_13401 it=500: PSNR=12.10 SSIM=0.4687696066167619
  [densify_off] bowl/70_5792_13401 it=1000: PSNR=11.44 SSIM=0.4547863370842404
  [densify_off] bowl/70_5792_13401 it=3000: PSNR=12.24 SSIM=0.45794738332430523
  [densify_off] bowl/70_5792_13401 it=7000: PSNR=13.47 SSIM=0.47284184561835396
  [densify_off] broccoli/412_56288_108844 it=500: PSNR=9.28 SSIM=0.5606436365180545
  [densify_off] broccoli/412_56288_108844 it=1000: PSNR=9.25 SSIM=0.5526168180836571
  [densify_off] broccoli/412_56288_108844 it=3000: PSNR=10.63 SSIM=0.5448348124821981
  [densify_off] broccoli/412_56288_108844 it=7000: PSNR=11.73 SSIM=0.5282068815496233
  [densify_off] hydrant/167_18184_34441 it=500: PSNR=11.28 SSIM=0.3465338481797112
  [densify_off] hydrant/167_18184_34441 it=1000: PSNR=11.95 SSIM=0.33694473074542153
  [densify_off] hydrant/167_18184_34441 it=3000: PSNR=11.84 SSIM=0.3210763716035419
  [densify_off] hydrant/167_18184_34441 it=7000: PSNR=11.83 SSIM=0.3024274342589908
  [densify_off] remote/350_36761_68623 it=500: PSNR=10.97 SSIM=0.47902988725238377
  [densify_off] remote/350_36761_68623 it=1000: PSNR=13.45 SSIM=0.4964257842964596
  [densify_off] remote/350_36761_68623 it=3000: PSNR=13.44 SSIM=0.4867994586626689
  [densify_off] remote/350_36761_68623 it=7000: PSNR=13.54 SSIM=0.46858524945047164
  [densify_off] teddybear/187_20215_38541 it=500: PSNR=16.24 SSIM=0.545371393362681
  [densify_off] teddybear/187_20215_38541 it=1000: PSNR=16.12 SSIM=0.533765928612815
  [densify_off] teddybear/187_20215_38541 it=3000: PSNR=16.17 SSIM=0.5135302344957987
  [densify_off] teddybear/187_20215_38541 it=7000: PSNR=16.39 SSIM=0.5083228151003519
  [densify_off] toaster/372_41229_82130 it=500: PSNR=10.73 SSIM=0.36220155159632367
  [densify_off] toaster/372_41229_82130 it=1000: PSNR=10.14 SSIM=0.3438337594270706
  [densify_off] toaster/372_41229_82130 it=3000: PSNR=11.83 SSIM=0.347343396809366
  [densify_off] toaster/372_41229_82130 it=7000: PSNR=12.39 SSIM=0.32681875427563983
[densify_off] it=500: MEAN PSNR=12.140 dB  SSIM=0.4502
[densify_off] it=1000: MEAN PSNR=12.371 dB  SSIM=0.4463
[densify_off] it=3000: MEAN PSNR=12.938 dB  SSIM=0.4391
[densify_off] it=7000: MEAN PSNR=13.329 dB  SSIM=0.4297
