  [no_opacity_reset] apple/110_13051_23361 it=500: PSNR=15.75 SSIM=0.4664540754424201
  [no_opacity_reset] apple/110_13051_23361 it=1000: PSNR=15.19 SSIM=0.4477202296257019
  [no_opacity_reset] apple/110_13051_23361 it=3000: PSNR=14.37 SSIM=0.3802781336837345
  [no_opacity_reset] apple/110_13051_23361 it=7000: PSNR=14.60 SSIM=0.37198252479235333
  [no_opacity_reset] ball/123_14363_28981 it=500: PSNR=10.76 SSIM=0.3728202482064565
  [no_opacity_reset] ball/123_14363_28981 it=1000: PSNR=11.45 SSIM=0.36644572019577026
  [no_opacity_reset] ball/123_14363_28981 it=3000: PSNR=13.21 SSIM=0.3513248496585422
  [no_opacity_reset] ball/123_14363_28981 it=7000: PSNR=13.26 SSIM=0.35166030128796893
  [no_opacity_reset] bowl/70_5792_13401 it=500: PSNR=12.05 SSIM=0.4685382710562812
  [no_opacity_reset] bowl/70_5792_13401 it=1000: PSNR=11.39 SSIM=0.4498733580112457
  [no_opacity_reset] bowl/70_5792_13401 it=3000: PSNR=14.42 SSIM=0.39419213434060413
  [no_opacity_reset] bowl/70_5792_13401 it=7000: PSNR=14.49 SSIM=0.3794737375444836
  [no_opacity_reset] broccoli/412_56288_108844 it=500: PSNR=9.29 SSIM=0.5607643690374162
  [no_opacity_reset] broccoli/412_56288_108844 it=1000: PSNR=9.08 SSIM=0.531325125032001
  [no_opacity_reset] broccoli/412_56288_108844 it=3000: PSNR=10.65 SSIM=0.45127590497334796
  [no_opacity_reset] broccoli/412_56288_108844 it=7000: PSNR=10.66 SSIM=0.44744303822517395
  [no_opacity_reset] hydrant/167_18184_34441 it=500: PSNR=11.28 SSIM=0.34643829862276715
  [no_opacity_reset] hydrant/167_18184_34441 it=1000: PSNR=11.27 SSIM=0.3242637763420741
  [no_opacity_reset] hydrant/167_18184_34441 it=3000: PSNR=11.90 SSIM=0.2844054516818788
  [no_opacity_reset] hydrant/167_18184_34441 it=7000: PSNR=13.31 SSIM=0.28518862856758964
  [no_opacity_reset] remote/350_36761_68623 it=500: PSNR=10.97 SSIM=0.4790276288986206
  [no_opacity_reset] remote/350_36761_68623 it=1000: PSNR=11.77 SSIM=0.4609045684337616
  [no_opacity_reset] remote/350_36761_68623 it=3000: PSNR=14.09 SSIM=0.35604172945022583
  [no_opacity_reset] remote/350_36761_68623 it=7000: PSNR=14.10 SSIM=0.33653944730758667
  [no_opacity_reset] teddybear/187_20215_38541 it=500: PSNR=16.24 SSIM=0.5453483925925361
  [no_opacity_reset] teddybear/187_20215_38541 it=1000: PSNR=14.44 SSIM=0.5029499630133311
  [no_opacity_reset] teddybear/187_20215_38541 it=3000: PSNR=15.31 SSIM=0.4377935760551029
  [no_opacity_reset] teddybear/187_20215_38541 it=7000: PSNR=15.25 SSIM=0.40602489312489826
  [no_opacity_reset] toaster/372_41229_82130 it=500: PSNR=10.71 SSIM=0.362209677696228
  [no_opacity_reset] toaster/372_41229_82130 it=1000: PSNR=11.70 SSIM=0.346885116563903
  [no_opacity_reset] toaster/372_41229_82130 it=3000: PSNR=12.93 SSIM=0.29244377546840244
  [no_opacity_reset] toaster/372_41229_82130 it=7000: PSNR=12.95 SSIM=0.29245807809962165
[no_opacity_reset] it=500: MEAN PSNR=12.131 dB  SSIM=0.4502
[no_opacity_reset] it=1000: MEAN PSNR=12.036 dB  SSIM=0.4288
[no_opacity_reset] it=3000: MEAN PSNR=13.361 dB  SSIM=0.3685
[no_opacity_reset] it=7000: MEAN PSNR=13.577 dB  SSIM=0.3588
