[19:41] _metadata.zip done
[19:43] (1/20) apple -> 3,0G
[19:44] (2/20) ball -> 3,0G
[19:45] (3/20) bench -> 2,9G
[19:46] (4/20) book -> 2,9G
[19:47] (5/20) bowl -> 2,4G
[19:48] (6/20) broccoli -> 2,9G
[19:49] (7/20) cake -> 2,9G
[19:50] (8/20) donut -> 2,9G
[19:51] (9/20) hydrant -> 2,8G
[19:52] (10/20) mouse -> 3,0G
[19:53] (11/20) orange -> 2,7G
[19:54] (12/20) plant -> 2,9G
[19:56] (13/20) remote -> 3,0G
[19:57] (14/20) skateboard -> 2,9G
[19:58] (15/20) suitcase -> 2,9G
[19:59] (16/20) teddybear -> 3,0G
[20:00] (17/20) toaster -> 3,0G
[20:01] (18/20) toytrain -> 2,9G
[20:02] (19/20) toytruck -> 2,9G
[20:03] (20/20) vase -> 2,9G
[20:03] ALL ARCHIVES COMPLETE
57G	/var/tmp/luli38se/quantsplat/disagreement_dataset_v1/run/predictions_zips
21
