  [views24] apple/110_13051_23361 it=500: PSNR=16.29 SSIM=0.4793201718065474
  [views24] apple/110_13051_23361 it=1000: PSNR=16.04 SSIM=0.47962530122862923
  [views24] apple/110_13051_23361 it=3000: PSNR=16.79 SSIM=0.4724060032102797
  [views24] apple/110_13051_23361 it=7000: PSNR=16.98 SSIM=0.4487217565377553
  [views24] ball/123_14363_28981 it=500: PSNR=12.58 SSIM=0.3887127869659
  [views24] ball/123_14363_28981 it=1000: PSNR=12.19 SSIM=0.3873937792248196
  [views24] ball/123_14363_28981 it=3000: PSNR=13.73 SSIM=0.3709076444307963
  [views24] ball/123_14363_28981 it=7000: PSNR=13.90 SSIM=0.36591297222508323
  [views24] bowl/70_5792_13401 it=500: PSNR=11.98 SSIM=0.46796826852692497
  [views24] bowl/70_5792_13401 it=1000: PSNR=13.89 SSIM=0.4871235556072659
  [views24] bowl/70_5792_13401 it=3000: PSNR=15.63 SSIM=0.4731599556075202
  [views24] bowl/70_5792_13401 it=7000: PSNR=15.81 SSIM=0.44820818305015564
  [views24] broccoli/412_56288_108844 it=500: PSNR=9.04 SSIM=0.5526938670211368
  [views24] broccoli/412_56288_108844 it=1000: PSNR=9.94 SSIM=0.5432195597224765
  [views24] broccoli/412_56288_108844 it=3000: PSNR=12.70 SSIM=0.5306343899832832
  [views24] broccoli/412_56288_108844 it=7000: PSNR=12.94 SSIM=0.5175536341137357
  [views24] hydrant/167_18184_34441 it=500: PSNR=10.79 SSIM=0.35471410552660626
  [views24] hydrant/167_18184_34441 it=1000: PSNR=11.72 SSIM=0.3594870368639628
  [views24] hydrant/167_18184_34441 it=3000: PSNR=12.78 SSIM=0.3398117555512322
  [views24] hydrant/167_18184_34441 it=7000: PSNR=12.30 SSIM=0.32936541073852116
  [views24] remote/350_36761_68623 it=500: PSNR=10.51 SSIM=0.47428761257065666
  [views24] remote/350_36761_68623 it=1000: PSNR=13.80 SSIM=0.4845494396156735
  [views24] remote/350_36761_68623 it=3000: PSNR=16.09 SSIM=0.454361488421758
  [views24] remote/350_36761_68623 it=7000: PSNR=15.55 SSIM=0.41018448604477775
  [views24] teddybear/187_20215_38541 it=500: PSNR=16.59 SSIM=0.5493272046248118
  [views24] teddybear/187_20215_38541 it=1000: PSNR=16.02 SSIM=0.5363553000821007
  [views24] teddybear/187_20215_38541 it=3000: PSNR=17.97 SSIM=0.5356929964489408
  [views24] teddybear/187_20215_38541 it=7000: PSNR=18.55 SSIM=0.5090365012486776
  [views24] toaster/372_41229_82130 it=500: PSNR=11.34 SSIM=0.36106541752815247
  [views24] toaster/372_41229_82130 it=1000: PSNR=10.81 SSIM=0.3481180667877197
  [views24] toaster/372_41229_82130 it=3000: PSNR=13.57 SSIM=0.3524034569660823
  [views24] toaster/372_41229_82130 it=7000: PSNR=13.98 SSIM=0.3543304155270259
[views24] it=500: MEAN PSNR=12.392 dB  SSIM=0.4535
[views24] it=1000: MEAN PSNR=13.051 dB  SSIM=0.4532
[views24] it=3000: MEAN PSNR=14.909 dB  SSIM=0.4412
[views24] it=7000: MEAN PSNR=15.001 dB  SSIM=0.4229
