variant=w4a4_no_lac  scenes=40 (all)
loading w4a4_no_lac ...
  loaded in 26.6s: calibrated locally by code/quantization/calibrate_w2a4.py
  skip apple/110_13051_23361 (exists)
  apple/189_20393_38136: 2.20s, peak 15383 MiB -> w4a4_no_lac.npz
  skip ball/123_14363_28981 (exists)
  ball/375_42693_85518: 2.03s, peak 15383 MiB -> w4a4_no_lac.npz
  bench/415_57112_110099: 2.03s, peak 15383 MiB -> w4a4_no_lac.npz
  bench/415_57121_110109: 2.03s, peak 15383 MiB -> w4a4_no_lac.npz
  book/119_13962_28926: 2.03s, peak 15383 MiB -> w4a4_no_lac.npz
  book/247_26469_51778: 2.03s, peak 15383 MiB -> w4a4_no_lac.npz
  bowl/69_5465_12831: 2.03s, peak 15383 MiB -> w4a4_no_lac.npz
  skip bowl/70_5792_13401 (exists)
  broccoli/372_41112_81867: 2.04s, peak 15383 MiB -> w4a4_no_lac.npz
  skip broccoli/412_56288_108844 (exists)
  cake/374_42274_84517: 2.04s, peak 15383 MiB -> w4a4_no_lac.npz
  cake/403_53094_103680: 2.04s, peak 15383 MiB -> w4a4_no_lac.npz
  donut/391_47032_93657: 2.04s, peak 15383 MiB -> w4a4_no_lac.npz
  donut/403_52964_103416: 2.04s, peak 15383 MiB -> w4a4_no_lac.npz
  skip hydrant/167_18184_34441 (exists)
  hydrant/411_56064_108483: 2.04s, peak 15383 MiB -> w4a4_no_lac.npz
  mouse/107_12753_23606: 2.04s, peak 15383 MiB -> w4a4_no_lac.npz
  mouse/377_43416_86289: 2.04s, peak 15383 MiB -> w4a4_no_lac.npz
  orange/374_42196_84367: 2.04s, peak 15383 MiB -> w4a4_no_lac.npz
  orange/385_45386_90752: 2.04s, peak 15383 MiB -> w4a4_no_lac.npz
  plant/247_26441_50907: 2.04s, peak 15383 MiB -> w4a4_no_lac.npz
  plant/374_42005_84358: 2.04s, peak 15383 MiB -> w4a4_no_lac.npz
  remote/195_20989_41543: 2.04s, peak 15383 MiB -> w4a4_no_lac.npz
  skip remote/350_36761_68623 (exists)
  skateboard/245_26182_52130: 2.04s, peak 15383 MiB -> w4a4_no_lac.npz
  skateboard/366_39266_76077: 2.04s, peak 15383 MiB -> w4a4_no_lac.npz
  suitcase/410_55734_107452: 2.04s, peak 15383 MiB -> w4a4_no_lac.npz
  suitcase/50_2928_8645: 2.04s, peak 15383 MiB -> w4a4_no_lac.npz
  skip teddybear/187_20215_38541 (exists)
  teddybear/34_1479_4753: 2.04s, peak 15383 MiB -> w4a4_no_lac.npz
  skip toaster/372_41229_82130 (exists)
  toaster/416_57389_110765: 2.04s, peak 15383 MiB -> w4a4_no_lac.npz
  toytrain/240_25394_51994: 2.04s, peak 15383 MiB -> w4a4_no_lac.npz
  toytrain/399_51323_100753: 2.04s, peak 15383 MiB -> w4a4_no_lac.npz
  toytruck/190_20494_39385: 2.04s, peak 15383 MiB -> w4a4_no_lac.npz
  toytruck/346_36113_66551: 2.04s, peak 15383 MiB -> w4a4_no_lac.npz
  vase/374_41862_83720: 2.04s, peak 15383 MiB -> w4a4_no_lac.npz
  vase/380_44863_89631: 2.04s, peak 15383 MiB -> w4a4_no_lac.npz

40/40 scenes; mean inference 2.04s
