  [densify_3000] apple/110_13051_23361 it=500: PSNR=15.75 SSIM=0.46646081076727974
  [densify_3000] apple/110_13051_23361 it=1000: PSNR=14.94 SSIM=0.43853551480505204
  [densify_3000] apple/110_13051_23361 it=3000: PSNR=14.58 SSIM=0.36379629704687333
  [densify_3000] apple/110_13051_23361 it=7000: PSNR=14.91 SSIM=0.3589092443386714
  [densify_3000] ball/123_14363_28981 it=500: PSNR=10.75 SSIM=0.37285445796118843
  [densify_3000] ball/123_14363_28981 it=1000: PSNR=11.70 SSIM=0.3682686686515808
  [densify_3000] ball/123_14363_28981 it=3000: PSNR=13.70 SSIM=0.34924274020724827
  [densify_3000] ball/123_14363_28981 it=7000: PSNR=13.94 SSIM=0.3469200978676478
  [densify_3000] bowl/70_5792_13401 it=500: PSNR=12.10 SSIM=0.4688696596357558
  [densify_3000] bowl/70_5792_13401 it=1000: PSNR=12.79 SSIM=0.45688223507669234
  [densify_3000] bowl/70_5792_13401 it=3000: PSNR=14.51 SSIM=0.3868094285329183
  [densify_3000] bowl/70_5792_13401 it=7000: PSNR=14.70 SSIM=0.37152907252311707
  [densify_3000] broccoli/412_56288_108844 it=500: PSNR=9.30 SSIM=0.560930652750863
  [densify_3000] broccoli/412_56288_108844 it=1000: PSNR=10.25 SSIM=0.5320394800768958
  [densify_3000] broccoli/412_56288_108844 it=3000: PSNR=10.92 SSIM=0.4189286116096709
  [densify_3000] broccoli/412_56288_108844 it=7000: PSNR=11.05 SSIM=0.40288400650024414
  [densify_3000] hydrant/167_18184_34441 it=500: PSNR=11.28 SSIM=0.3464200430446201
  [densify_3000] hydrant/167_18184_34441 it=1000: PSNR=11.43 SSIM=0.3104336013396581
  [densify_3000] hydrant/167_18184_34441 it=3000: PSNR=11.97 SSIM=0.26970649345053566
  [densify_3000] hydrant/167_18184_34441 it=7000: PSNR=13.09 SSIM=0.26280686176485485
  [densify_3000] remote/350_36761_68623 it=500: PSNR=10.97 SSIM=0.47899225023057723
  [densify_3000] remote/350_36761_68623 it=1000: PSNR=12.19 SSIM=0.46167518032921684
  [densify_3000] remote/350_36761_68623 it=3000: PSNR=12.98 SSIM=0.3441849996646245
  [densify_3000] remote/350_36761_68623 it=7000: PSNR=12.91 SSIM=0.3268567853503757
  [densify_3000] teddybear/187_20215_38541 it=500: PSNR=16.25 SSIM=0.5453673104445139
  [densify_3000] teddybear/187_20215_38541 it=1000: PSNR=14.00 SSIM=0.4987432128853268
  [densify_3000] teddybear/187_20215_38541 it=3000: PSNR=15.82 SSIM=0.42106003562609357
  [densify_3000] teddybear/187_20215_38541 it=7000: PSNR=15.81 SSIM=0.39659643835491604
  [densify_3000] toaster/372_41229_82130 it=500: PSNR=10.71 SSIM=0.3621688054667579
  [densify_3000] toaster/372_41229_82130 it=1000: PSNR=8.56 SSIM=0.3180113583803177
  [densify_3000] toaster/372_41229_82130 it=3000: PSNR=11.14 SSIM=0.3302344216240777
  [densify_3000] toaster/372_41229_82130 it=7000: PSNR=11.00 SSIM=0.33922585513856673
[densify_3000] it=500: MEAN PSNR=12.139 dB  SSIM=0.4503
[densify_3000] it=1000: MEAN PSNR=11.982 dB  SSIM=0.4231
[densify_3000] it=3000: MEAN PSNR=13.202 dB  SSIM=0.3605
[densify_3000] it=7000: MEAN PSNR=13.427 dB  SSIM=0.3507
