  apple/540_79043_153212: annotated 202 usable 102 rule no_gt_depth_fg_mask g0000 [1, 33, 65, 102, 134, 171]
  backpack/537_78249_152122: annotated 202 usable 102 rule no_gt_depth_fg_mask g0000 [1, 33, 65, 102, 134, 171]
  ball/457_64526_127116: annotated 202 usable 102 rule no_gt_depth_fg_mask g0000 [1, 33, 65, 102, 134, 171]
  banana/610_96665_193716: annotated 202 usable 102 rule no_gt_depth_fg_mask g0000 [1, 33, 65, 102, 134, 171]
  baseballbat/569_82570_162821: annotated 202 usable 102 rule no_gt_depth_fg_mask g0000 [1, 33, 65, 102, 134, 171]
  baseballglove/601_92967_186813: annotated 202 usable 102 rule no_gt_depth_fg_mask g0000 [1, 33, 65, 102, 134, 171]
  bench/602_93392_185234: annotated 202 usable 102 rule no_gt_depth_fg_mask g0000 [1, 33, 65, 102, 134, 171]
  bicycle/463_65614_128477: annotated 202 usable 102 rule no_gt_depth_fg_mask g0000 [1, 33, 65, 102, 134, 171]
  book/455_64124_126393: annotated 202 usable 102 rule no_gt_depth_fg_mask g0000 [1, 33, 65, 102, 134, 171]
  bottle/618_100690_201667: annotated 201 usable 101 rule no_gt_depth_fg_mask g0000 [1, 33, 65, 102, 134, 171]
  bowl/602_93517_186985: annotated 202 usable 102 rule no_gt_depth_fg_mask g0000 [1, 33, 65, 102, 134, 171]
  broccoli/501_71955_139909: annotated 202 usable 102 rule no_gt_depth_fg_mask g0000 [1, 33, 65, 102, 134, 171]
  cake/472_66839_131490: annotated 202 usable 102 rule no_gt_depth_fg_mask g0000 [1, 33, 65, 102, 134, 171]
  car/621_101777_202473: annotated 202 usable 102 rule no_gt_depth_fg_mask g0000 [1, 33, 65, 102, 134, 171]
  carrot/529_76596_147878: annotated 202 usable 102 rule no_gt_depth_fg_mask g0000 [1, 33, 65, 102, 134, 171]
  cellphone/480_68482_132956: annotated 202 usable 102 rule no_gt_depth_fg_mask g0000 [1, 33, 65, 102, 134, 171]
  chair/555_79602_154353: annotated 202 usable 102 rule no_gt_depth_fg_mask g0000 [1, 33, 65, 102, 134, 171]
  couch/617_99945_199053: annotated 202 usable 102 rule no_gt_depth_fg_mask g0000 [1, 33, 65, 102, 134, 171]
  cup/575_84340_166477: annotated 202 usable 102 rule no_gt_depth_fg_mask g0000 [1, 33, 65, 102, 134, 171]
  donut/492_70706_137521: annotated 202 usable 102 rule no_gt_depth_fg_mask g0000 [1, 33, 65, 102, 134, 171]
  frisbee/534_77341_149540: annotated 201 usable 101 rule no_gt_depth_fg_mask g0000 [1, 33, 65, 102, 134, 171]
  hairdryer/589_88527_177219: annotated 202 usable 102 rule no_gt_depth_fg_mask g0000 [1, 33, 65, 102, 134, 171]
  handbag/404_53769_104901: annotated 200 usable 100 rule no_gt_depth_fg_mask g0000 [1, 33, 67, 104, 136, 167]
  hotdog/592_89300_179377: annotated 202 usable 102 rule no_gt_depth_fg_mask g0000 [1, 33, 65, 102, 134, 171]
  hydrant/605_94563_187702: annotated 202 usable 102 rule no_gt_depth_fg_mask g0000 [1, 33, 65, 102, 134, 171]
  keyboard/612_97831_196894: annotated 202 usable 102 rule no_gt_depth_fg_mask g0000 [1, 33, 65, 102, 134, 171]
  kite/589_88580_177417: annotated 202 usable 102 rule no_gt_depth_fg_mask g0000 [1, 33, 65, 102, 134, 171]
  laptop/610_96608_193597: annotated 201 usable 101 rule no_gt_depth_fg_mask g0000 [1, 33, 65, 102, 134, 171]
  motorcycle/613_98146_195503: annotated 202 usable 102 rule no_gt_depth_fg_mask g0000 [1, 33, 65, 102, 134, 171]
  mouse/475_67311_132096: annotated 202 usable 102 rule no_gt_depth_fg_mask g0000 [1, 33, 65, 102, 134, 171]
  orange/592_89298_179294: annotated 202 usable 102 rule no_gt_depth_fg_mask g0000 [1, 33, 65, 102, 134, 171]
  parkingmeter/519_74514_144903: annotated 202 usable 102 rule no_gt_depth_fg_mask g0000 [1, 33, 65, 102, 134, 171]
  pizza/586_87341_172687: annotated 202 usable 102 rule no_gt_depth_fg_mask g0000 [1, 33, 65, 102, 134, 171]
  plant/461_65179_127609: annotated 202 usable 102 rule no_gt_depth_fg_mask g0000 [1, 33, 65, 102, 134, 171]
  remote/581_86213_170733: annotated 202 usable 102 rule no_gt_depth_fg_mask g0000 [1, 33, 65, 102, 134, 171]
  sandwich/432_61184_119599: annotated 202 usable 102 rule no_gt_depth_fg_mask g0000 [1, 33, 65, 102, 134, 171]
  skateboard/555_79675_154706: annotated 202 usable 102 rule no_gt_depth_fg_mask g0000 [1, 33, 65, 102, 134, 171]
  suitcase/495_71129_138259: annotated 202 usable 102 rule no_gt_depth_fg_mask g0000 [1, 33, 65, 102, 134, 171]
  teddybear/598_91820_182418: annotated 202 usable 102 rule no_gt_depth_fg_mask g0000 [1, 33, 65, 102, 134, 171]
  toaster/581_86572_172117: annotated 202 usable 102 rule no_gt_depth_fg_mask g0000 [1, 33, 65, 102, 134, 171]
  toilet/602_93503_186945: annotated 202 usable 102 rule no_gt_depth_fg_mask g0000 [1, 33, 65, 102, 134, 171]
  toybus/592_89246_179000: annotated 200 usable 100 rule no_gt_depth_fg_mask g0000 [1, 33, 65, 102, 134, 165]
  toyplane/581_86168_170640: annotated 202 usable 102 rule no_gt_depth_fg_mask g0000 [1, 33, 65, 102, 134, 171]
  toytrain/579_85857_169792: annotated 202 usable 102 rule no_gt_depth_fg_mask g0000 [1, 33, 65, 102, 134, 171]
  toytruck/575_84788_167772: annotated 200 usable 100 rule no_gt_depth_fg_mask g0000 [1, 33, 65, 102, 134, 165]
  umbrella/586_87527_173920: annotated 202 usable 102 rule no_gt_depth_fg_mask g0000 [1, 33, 65, 102, 134, 171]
  vase/501_72100_140329: annotated 202 usable 102 rule no_gt_depth_fg_mask g0000 [1, 33, 65, 102, 134, 171]
  wineglass/589_88409_176220: annotated 202 usable 102 rule no_gt_depth_fg_mask g0000 [1, 33, 65, 102, 134, 171]
wrote /var/tmp/luli38se/quantsplat/dataset_v2_new48/manifest_new48.json (48 scenes), sha 33c6e6565cf0b416
