  [views12_depth] apple/110_13051_23361 it=500: PSNR=16.05 SSIM=0.4749298128816817
  [views12_depth] apple/110_13051_23361 it=1000: PSNR=15.00 SSIM=0.4699034061696794
  [views12_depth] apple/110_13051_23361 it=3000: PSNR=15.53 SSIM=0.44238277938630843
  [views12_depth] apple/110_13051_23361 it=7000: PSNR=15.92 SSIM=0.42114153504371643
  [views12_depth] ball/123_14363_28981 it=500: PSNR=10.76 SSIM=0.3668648600578308
  [views12_depth] ball/123_14363_28981 it=1000: PSNR=11.40 SSIM=0.36117104689280194
  [views12_depth] ball/123_14363_28981 it=3000: PSNR=14.50 SSIM=0.38178565270370907
  [views12_depth] ball/123_14363_28981 it=7000: PSNR=14.65 SSIM=0.3843257145749198
  [views12_depth] bowl/70_5792_13401 it=500: PSNR=11.91 SSIM=0.46501335832807755
  [views12_depth] bowl/70_5792_13401 it=1000: PSNR=13.28 SSIM=0.4712010986275143
  [views12_depth] bowl/70_5792_13401 it=3000: PSNR=14.37 SSIM=0.41305679745144314
  [views12_depth] bowl/70_5792_13401 it=7000: PSNR=15.16 SSIM=0.40104671981599593
  [views12_depth] broccoli/412_56288_108844 it=500: PSNR=9.48 SSIM=0.557204438580407
  [views12_depth] broccoli/412_56288_108844 it=1000: PSNR=10.35 SSIM=0.5395789047082266
  [views12_depth] broccoli/412_56288_108844 it=3000: PSNR=12.86 SSIM=0.5079488820499845
  [views12_depth] broccoli/412_56288_108844 it=7000: PSNR=13.77 SSIM=0.5121738745106591
  [views12_depth] hydrant/167_18184_34441 it=500: PSNR=10.49 SSIM=0.34758102893829346
  [views12_depth] hydrant/167_18184_34441 it=1000: PSNR=11.86 SSIM=0.3361443628867467
  [views12_depth] hydrant/167_18184_34441 it=3000: PSNR=13.24 SSIM=0.308135943280326
  [views12_depth] hydrant/167_18184_34441 it=7000: PSNR=14.23 SSIM=0.3177279846535789
  [views12_depth] remote/350_36761_68623 it=500: PSNR=9.12 SSIM=0.460126131772995
  [views12_depth] remote/350_36761_68623 it=1000: PSNR=12.72 SSIM=0.4689574142297109
  [views12_depth] remote/350_36761_68623 it=3000: PSNR=15.65 SSIM=0.39190875821643406
  [views12_depth] remote/350_36761_68623 it=7000: PSNR=16.38 SSIM=0.3819660080803765
  [views12_depth] teddybear/187_20215_38541 it=500: PSNR=15.93 SSIM=0.5459179977575938
  [views12_depth] teddybear/187_20215_38541 it=1000: PSNR=15.51 SSIM=0.5260755552185906
  [views12_depth] teddybear/187_20215_38541 it=3000: PSNR=18.95 SSIM=0.5111417472362518
  [views12_depth] teddybear/187_20215_38541 it=7000: PSNR=19.96 SSIM=0.4944341911209954
  [views12_depth] toaster/372_41229_82130 it=500: PSNR=11.63 SSIM=0.3600959711604648
  [views12_depth] toaster/372_41229_82130 it=1000: PSNR=9.90 SSIM=0.32869697941674125
  [views12_depth] toaster/372_41229_82130 it=3000: PSNR=13.71 SSIM=0.3445092770788405
  [views12_depth] toaster/372_41229_82130 it=7000: PSNR=14.66 SSIM=0.37431105143494076
[views12_depth] it=500: MEAN PSNR=11.920 dB  SSIM=0.4472
[views12_depth] it=1000: MEAN PSNR=12.502 dB  SSIM=0.4377
[views12_depth] it=3000: MEAN PSNR=14.851 dB  SSIM=0.4126
[views12_depth] it=7000: MEAN PSNR=15.589 dB  SSIM=0.4109
