  [views12] apple/110_13051_23361 it=500: PSNR=16.22 SSIM=0.47915694448683
  [views12] apple/110_13051_23361 it=1000: PSNR=15.80 SSIM=0.47728412681155735
  [views12] apple/110_13051_23361 it=3000: PSNR=15.41 SSIM=0.45452813307444256
  [views12] apple/110_13051_23361 it=7000: PSNR=15.94 SSIM=0.43588222728835213
  [views12] ball/123_14363_28981 it=500: PSNR=11.18 SSIM=0.3759877814186944
  [views12] ball/123_14363_28981 it=1000: PSNR=11.28 SSIM=0.36139125294155544
  [views12] ball/123_14363_28981 it=3000: PSNR=13.91 SSIM=0.413360885447926
  [views12] ball/123_14363_28981 it=7000: PSNR=14.45 SSIM=0.4180787718958325
  [views12] bowl/70_5792_13401 it=500: PSNR=12.21 SSIM=0.47080732385317486
  [views12] bowl/70_5792_13401 it=1000: PSNR=13.29 SSIM=0.4746375050809648
  [views12] bowl/70_5792_13401 it=3000: PSNR=14.31 SSIM=0.4487142198615604
  [views12] bowl/70_5792_13401 it=7000: PSNR=15.93 SSIM=0.43346936504046124
  [views12] broccoli/412_56288_108844 it=500: PSNR=9.42 SSIM=0.5580930213133494
  [views12] broccoli/412_56288_108844 it=1000: PSNR=11.25 SSIM=0.5477990574306912
  [views12] broccoli/412_56288_108844 it=3000: PSNR=12.38 SSIM=0.5113086369302537
  [views12] broccoli/412_56288_108844 it=7000: PSNR=13.35 SSIM=0.5111487938298119
  [views12] hydrant/167_18184_34441 it=500: PSNR=10.13 SSIM=0.34497206409772235
  [views12] hydrant/167_18184_34441 it=1000: PSNR=11.72 SSIM=0.3259694427251816
  [views12] hydrant/167_18184_34441 it=3000: PSNR=12.38 SSIM=0.3127257211340798
  [views12] hydrant/167_18184_34441 it=7000: PSNR=13.29 SSIM=0.3224020732773675
  [views12] remote/350_36761_68623 it=500: PSNR=8.62 SSIM=0.4499935143523746
  [views12] remote/350_36761_68623 it=1000: PSNR=11.41 SSIM=0.45438190632396275
  [views12] remote/350_36761_68623 it=3000: PSNR=15.24 SSIM=0.4089134501086341
  [views12] remote/350_36761_68623 it=7000: PSNR=15.44 SSIM=0.39202071229616803
  [views12] teddybear/187_20215_38541 it=500: PSNR=15.70 SSIM=0.5439602235953013
  [views12] teddybear/187_20215_38541 it=1000: PSNR=16.71 SSIM=0.5303849875926971
  [views12] teddybear/187_20215_38541 it=3000: PSNR=16.96 SSIM=0.5144130686918894
  [views12] teddybear/187_20215_38541 it=7000: PSNR=18.52 SSIM=0.49106378356615704
  [views12] toaster/372_41229_82130 it=500: PSNR=11.45 SSIM=0.35972241560618085
  [views12] toaster/372_41229_82130 it=1000: PSNR=10.54 SSIM=0.34328944484392804
  [views12] toaster/372_41229_82130 it=3000: PSNR=13.73 SSIM=0.3522813767194748
  [views12] toaster/372_41229_82130 it=7000: PSNR=14.21 SSIM=0.3726563983493381
[views12] it=500: MEAN PSNR=11.867 dB  SSIM=0.4478
[views12] it=1000: MEAN PSNR=12.748 dB  SSIM=0.4394
[views12] it=3000: MEAN PSNR=14.289 dB  SSIM=0.4270
[views12] it=7000: MEAN PSNR=15.141 dB  SSIM=0.4221
